// Jest Snapshot v1, https://goo.gl/fbAQLP

exports[`Pruebas en <TodoAdd /> debe mostrarse correctamente 1`] = `
<Fragment>
  <h4>
    Add To-Do
  </h4>
  <hr />
  <form
    onSubmit={[Function]}
  >
    <input
      autoComplete="off"
      className="form-control"
      name="description"
      onChange={[Function]}
      placeholder="To-do description.."
      type="text"
      value=""
    />
    <button
      className="btn btn-success mt-2 btn-block"
      type="submit"
    >
      Add
    </button>
  </form>
</Fragment>
`;
